// Jest Snapshot v1, https://goo.gl/fbAQLP

exports[`Multichannel carousel COMPACT mode N Buttons dynamic carousel (just text in button) with payload/path buttons N Buttons 1`] = `
Array [
  <message
    delay={0}
    indexMode="number"
    markdown={false}
    newkey={0}
    type="text"
    typing={0}
  >
    1. Previo a la compra
    
2. another button,0
  </message>,
  <message
    delay={0}
    indexMode="number"
    markdown={false}
    newkey={1}
    type="text"
    typing={0}
  >
    3. Durante la compra
    
4. another button,1
  </message>,
]
`;

exports[`Multichannel carousel COMPACT mode N Buttons dynamic carousel with payload/path buttons N Buttons 1`] = `
Array [
  <message
    delay={0}
    indexMode="number"
    markdown={false}
    newkey={0}
    type="text"
    typing={0}
  >
    *Title1* _Subtitle1_
    
1. Previo a la compra
    
2. another button,0
  </message>,
  <message
    delay={0}
    indexMode="number"
    markdown={false}
    newkey={1}
    type="text"
    typing={0}
  >
    *Title2* _Subtitle2_
    
3. Durante la compra
    
4. another button,1
  </message>,
]
`;

exports[`Multichannel carousel COMPACT mode N Buttons dynamic carousel with url buttons 1`] = `
Array [
  <message
    delay={0}
    indexMode="number"
    markdown={false}
    newkey={0}
    type="text"
    typing={0}
  >
    *Snatch* _Five minutes, Turkish_
    
- Visit website: https://www.imdb.com/title/tt0208092
    
- Another website: anotherurl.com
  </message>,
  <message
    delay={0}
    indexMode="number"
    markdown={false}
    newkey={1}
    type="text"
    typing={0}
  >
    *El laberinto del fauno* _2006_
    
- Visit website: https://www.imdb.com/title/tt0457430
    
- Another website: anotherurl.com
  </message>,
]
`;
