// Jest Snapshot v1, https://goo.gl/fbAQLP

exports[`TEST: ButtonsDisabler (Disabling buttons in Webchat) Passes a message with expected props to node (carousel) 1`] = `
<message
  delay={0}
  style={
    Object {
      "backgroundColor": "rgba(0, 0, 0, 0)",
      "padding": 0,
      "width": "85%",
    }
  }
  type="carousel"
  typing={0}
>
  <element>
    <pic>
      PIC1
    </pic>
    <title>
      ELEMENT1
    </title>
    <desc>
      DESC1
    </desc>
    <button
      payload="payload1"
    >
      text1
    </button>
  </element>
  <element>
    <pic>
      PIC2
    </pic>
    <title>
      ELEMENT2
    </title>
    <desc>
      DESC2
    </desc>
    <button
      autodisable="true"
      disabledstyle="{\\"backgroundColor\\":\\"red\\"}"
      payload="payload2"
    >
      text2
    </button>
  </element>
</message>
`;

exports[`TEST: ButtonsDisabler (Disabling buttons in Webchat) Passes a message with expected props to node (text with buttons) 1`] = `
<message
  delay={0}
  markdown={1}
  type="text"
  typing={0}
>
  Here I display two types of buttons, the first one is a URL button and the second is a payload button:
  <button
    autodisable="false"
    payload="https://botonic.io"
  >
    Visit botonic.io
  </button>
  <button
    autodisable="true"
    disabledstyle="{\\"backgroundColor\\":\\"red\\"}"
    payload="carousel"
  >
    Show me a carousel
  </button>
</message>
`;
